// Vitest Snapshot v1, https://vitest.dev/guide/snapshot.html

exports[`Dashboard MAD formatting > renders the chart-header total subtitle with formatMAD output 1`] = `
[
  <DocumentFragment>
    <p
      class="text-xs text-muted-foreground mt-1"
    >
      المجموع: 
      <span
        class="font-semibold text-foreground"
      >
        0.00 MAD
      </span>
    </p>
  </DocumentFragment>,
  <DocumentFragment>
    <p
      class="text-xs text-muted-foreground mt-1"
    >
      المجموع: 
      <span
        class="font-semibold text-foreground"
      >
        999.90 MAD
      </span>
    </p>
  </DocumentFragment>,
  <DocumentFragment>
    <p
      class="text-xs text-muted-foreground mt-1"
    >
      المجموع: 
      <span
        class="font-semibold text-foreground"
      >
        25,000.00 MAD
      </span>
    </p>
  </DocumentFragment>,
  <DocumentFragment>
    <p
      class="text-xs text-muted-foreground mt-1"
    >
      المجموع: 
      <span
        class="font-semibold text-foreground"
      >
        1,500,000.50 MAD
      </span>
    </p>
  </DocumentFragment>,
]
`;

exports[`Dashboard MAD formatting > renders the monthly-sales StatCard with formatMAD output 1`] = `
[
  <DocumentFragment>
    <div
      class="rounded-xl border bg-card text-card-foreground shadow p-4 sm:p-5 shadow-soft hover:shadow-elegant transition-shadow"
    >
      <div
        class="flex items-start justify-between gap-2 sm:gap-4"
      >
        <div
          class="min-w-0 flex-1"
        >
          <p
            class="text-xs sm:text-sm text-muted-foreground"
          >
            مبيعات الشهر
          </p>
          <p
            class="mt-2 text-lg sm:text-2xl font-bold tracking-tight break-words leading-tight"
          >
            0.00 MAD
          </p>
          <p
            class="mt-1 text-xs text-muted-foreground"
          >
            إجمالي مبيعاتك خلال الشهر الجاري
          </p>
        </div>
        <div
          class="flex h-9 w-9 sm:h-11 sm:w-11 items-center justify-center rounded-xl shrink-0 bg-primary/10 text-primary"
        >
          <svg
            aria-hidden="true"
            class="lucide lucide-wallet h-4 w-4 sm:h-5 sm:w-5"
            fill="none"
            height="24"
            stroke="currentColor"
            stroke-linecap="round"
            stroke-linejoin="round"
            stroke-width="2"
            viewBox="0 0 24 24"
            width="24"
            xmlns="http://www.w3.org/2000/svg"
          >
            <path
              d="M19 7V4a1 1 0 0 0-1-1H5a2 2 0 0 0 0 4h15a1 1 0 0 1 1 1v4h-3a2 2 0 0 0 0 4h3a1 1 0 0 0 1-1v-2a1 1 0 0 0-1-1"
            />
            <path
              d="M3 5v14a2 2 0 0 0 2 2h15a1 1 0 0 0 1-1v-4"
            />
          </svg>
        </div>
      </div>
    </div>
  </DocumentFragment>,
  <DocumentFragment>
    <div
      class="rounded-xl border bg-card text-card-foreground shadow p-4 sm:p-5 shadow-soft hover:shadow-elegant transition-shadow"
    >
      <div
        class="flex items-start justify-between gap-2 sm:gap-4"
      >
        <div
          class="min-w-0 flex-1"
        >
          <p
            class="text-xs sm:text-sm text-muted-foreground"
          >
            مبيعات الشهر
          </p>
          <p
            class="mt-2 text-lg sm:text-2xl font-bold tracking-tight break-words leading-tight"
          >
            1,234.50 MAD
          </p>
          <p
            class="mt-1 text-xs text-muted-foreground"
          >
            إجمالي مبيعاتك خلال الشهر الجاري
          </p>
        </div>
        <div
          class="flex h-9 w-9 sm:h-11 sm:w-11 items-center justify-center rounded-xl shrink-0 bg-primary/10 text-primary"
        >
          <svg
            aria-hidden="true"
            class="lucide lucide-wallet h-4 w-4 sm:h-5 sm:w-5"
            fill="none"
            height="24"
            stroke="currentColor"
            stroke-linecap="round"
            stroke-linejoin="round"
            stroke-width="2"
            viewBox="0 0 24 24"
            width="24"
            xmlns="http://www.w3.org/2000/svg"
          >
            <path
              d="M19 7V4a1 1 0 0 0-1-1H5a2 2 0 0 0 0 4h15a1 1 0 0 1 1 1v4h-3a2 2 0 0 0 0 4h3a1 1 0 0 0 1-1v-2a1 1 0 0 0-1-1"
            />
            <path
              d="M3 5v14a2 2 0 0 0 2 2h15a1 1 0 0 0 1-1v-4"
            />
          </svg>
        </div>
      </div>
    </div>
  </DocumentFragment>,
  <DocumentFragment>
    <div
      class="rounded-xl border bg-card text-card-foreground shadow p-4 sm:p-5 shadow-soft hover:shadow-elegant transition-shadow"
    >
      <div
        class="flex items-start justify-between gap-2 sm:gap-4"
      >
        <div
          class="min-w-0 flex-1"
        >
          <p
            class="text-xs sm:text-sm text-muted-foreground"
          >
            مبيعات الشهر
          </p>
          <p
            class="mt-2 text-lg sm:text-2xl font-bold tracking-tight break-words leading-tight"
          >
            12,345.67 MAD
          </p>
          <p
            class="mt-1 text-xs text-muted-foreground"
          >
            إجمالي مبيعاتك خلال الشهر الجاري
          </p>
        </div>
        <div
          class="flex h-9 w-9 sm:h-11 sm:w-11 items-center justify-center rounded-xl shrink-0 bg-primary/10 text-primary"
        >
          <svg
            aria-hidden="true"
            class="lucide lucide-wallet h-4 w-4 sm:h-5 sm:w-5"
            fill="none"
            height="24"
            stroke="currentColor"
            stroke-linecap="round"
            stroke-linejoin="round"
            stroke-width="2"
            viewBox="0 0 24 24"
            width="24"
            xmlns="http://www.w3.org/2000/svg"
          >
            <path
              d="M19 7V4a1 1 0 0 0-1-1H5a2 2 0 0 0 0 4h15a1 1 0 0 1 1 1v4h-3a2 2 0 0 0 0 4h3a1 1 0 0 0 1-1v-2a1 1 0 0 0-1-1"
            />
            <path
              d="M3 5v14a2 2 0 0 0 2 2h15a1 1 0 0 0 1-1v-4"
            />
          </svg>
        </div>
      </div>
    </div>
  </DocumentFragment>,
  <DocumentFragment>
    <div
      class="rounded-xl border bg-card text-card-foreground shadow p-4 sm:p-5 shadow-soft hover:shadow-elegant transition-shadow"
    >
      <div
        class="flex items-start justify-between gap-2 sm:gap-4"
      >
        <div
          class="min-w-0 flex-1"
        >
          <p
            class="text-xs sm:text-sm text-muted-foreground"
          >
            مبيعات الشهر
          </p>
          <p
            class="mt-2 text-lg sm:text-2xl font-bold tracking-tight break-words leading-tight"
          >
            1,234,567.89 MAD
          </p>
          <p
            class="mt-1 text-xs text-muted-foreground"
          >
            إجمالي مبيعاتك خلال الشهر الجاري
          </p>
        </div>
        <div
          class="flex h-9 w-9 sm:h-11 sm:w-11 items-center justify-center rounded-xl shrink-0 bg-primary/10 text-primary"
        >
          <svg
            aria-hidden="true"
            class="lucide lucide-wallet h-4 w-4 sm:h-5 sm:w-5"
            fill="none"
            height="24"
            stroke="currentColor"
            stroke-linecap="round"
            stroke-linejoin="round"
            stroke-width="2"
            viewBox="0 0 24 24"
            width="24"
            xmlns="http://www.w3.org/2000/svg"
          >
            <path
              d="M19 7V4a1 1 0 0 0-1-1H5a2 2 0 0 0 0 4h15a1 1 0 0 1 1 1v4h-3a2 2 0 0 0 0 4h3a1 1 0 0 0 1-1v-2a1 1 0 0 0-1-1"
            />
            <path
              d="M3 5v14a2 2 0 0 0 2 2h15a1 1 0 0 0 1-1v-4"
            />
          </svg>
        </div>
      </div>
    </div>
  </DocumentFragment>,
]
`;

exports[`Dashboard MAD formatting > renders the recent-orders amount cells with formatMAD output 1`] = `
<DocumentFragment>
  <div
    class="divide-y"
  >
    <div
      class="flex items-center justify-between py-3"
    >
      <p
        class="text-sm font-medium"
      >
        ORD-001
      </p>
      <span
        class="font-semibold text-sm"
      >
        0.00 MAD
      </span>
    </div>
    <div
      class="flex items-center justify-between py-3"
    >
      <p
        class="text-sm font-medium"
      >
        ORD-002
      </p>
      <span
        class="font-semibold text-sm"
      >
        49.90 MAD
      </span>
    </div>
    <div
      class="flex items-center justify-between py-3"
    >
      <p
        class="text-sm font-medium"
      >
        ORD-003
      </p>
      <span
        class="font-semibold text-sm"
      >
        1,234.56 MAD
      </span>
    </div>
    <div
      class="flex items-center justify-between py-3"
    >
      <p
        class="text-sm font-medium"
      >
        ORD-004
      </p>
      <span
        class="font-semibold text-sm"
      >
        89,999.99 MAD
      </span>
    </div>
  </div>
</DocumentFragment>
`;
